BL51 BANKED LINKER/LOCATER V6.22                                                        11/02/2022  21:48:53  PAGE 1


BL51 BANKED LINKER/LOCATER V6.22, INVOKED BY:
E:\PROGRAM FILES (X86)\KEIL\C51\BIN\BL51.EXE ..\output\main.obj, ..\output\timer.obj TO ..\output\Test20221102 PRINT (..
>> \listing\Test20221102.m51)


MEMORY MODEL: SMALL


INPUT MODULES INCLUDED:
  ..\output\main.obj (MAIN)
  ..\output\timer.obj (TIMER)
  E:\PROGRAM FILES (X86)\KEIL\C51\LIB\C51S.LIB (?C_STARTUP)
  E:\PROGRAM FILES (X86)\KEIL\C51\LIB\C51S.LIB (PRINTF)
  E:\PROGRAM FILES (X86)\KEIL\C51\LIB\C51S.LIB (?C_INIT)
  E:\PROGRAM FILES (X86)\KEIL\C51\LIB\C51S.LIB (?C?CLDPTR)
  E:\PROGRAM FILES (X86)\KEIL\C51\LIB\C51S.LIB (?C?CLDOPTR)
  E:\PROGRAM FILES (X86)\KEIL\C51\LIB\C51S.LIB (?C?CSTPTR)
  E:\PROGRAM FILES (X86)\KEIL\C51\LIB\C51S.LIB (?C?PLDIIDATA)
  E:\PROGRAM FILES (X86)\KEIL\C51\LIB\C51S.LIB (?C?CCASE)
  E:\PROGRAM FILES (X86)\KEIL\C51\LIB\C51S.LIB (PUTCHAR)


LINK MAP OF MODULE:  ..\output\Test20221102 (MAIN)


            TYPE    BASE      LENGTH    RELOCATION   SEGMENT NAME
            -----------------------------------------------------

            * * * * * * *   D A T A   M E M O R Y   * * * * * * *
            REG     0000H     0008H     ABSOLUTE     "REG BANK 0"
            DATA    0008H     0014H     UNIT         _DATA_GROUP_
                    001CH     0004H                  *** GAP ***
            BIT     0020H.0   0001H.1   UNIT         _BIT_GROUP_
                    0021H.1   0000H.7                *** GAP ***
            DATA    0022H     000CH     UNIT         ?DT?TIMER
            IDATA   002EH     0001H     UNIT         ?STACK

            * * * * * * *   C O D E   M E M O R Y   * * * * * * *
            CODE    0000H     0003H     ABSOLUTE     
                    0003H     0008H                  *** GAP ***
            CODE    000BH     0003H     ABSOLUTE     
            CODE    000EH     035CH     UNIT         ?PR?PRINTF?PRINTF
            CODE    036AH     00C7H     UNIT         ?PR?MAIN?MAIN
            CODE    0431H     008EH     UNIT         ?C?LIB_CODE
            CODE    04BFH     008CH     UNIT         ?C_C51STARTUP
            CODE    054BH     0052H     UNIT         ?CO?MAIN
            CODE    059DH     003AH     UNIT         ?PR?TIMER0_ISR?TIMER
            CODE    05D7H     0027H     UNIT         ?PR?PUTCHAR?PUTCHAR
            CODE    05FEH     001DH     UNIT         ?C_INITSEG
            CODE    061BH     0018H     UNIT         ?PR?TIMER0INIT?TIMER



OVERLAY MAP OF MODULE:   ..\output\Test20221102 (MAIN)


SEGMENT                           BIT_GROUP          DATA_GROUP 
  +--> CALLED SEGMENT          START    LENGTH     START    LENGTH
BL51 BANKED LINKER/LOCATER V6.22                                                      11/02/2022  21:48:53  PAGE 2


------------------------------------------------------------------
?C_C51STARTUP                  -----    -----      -----    -----
  +--> ?PR?MAIN?MAIN
  +--> ?C_INITSEG

?PR?MAIN?MAIN                  -----    -----      -----    -----
  +--> ?PR?TIMER0INIT?TIMER
  +--> ?CO?MAIN
  +--> ?PR?PRINTF?PRINTF

?PR?PRINTF?PRINTF              0020H.0  0001H.1    0008H    0014H
  +--> ?PR?PUTCHAR?PUTCHAR



SYMBOL TABLE OF MODULE:  ..\output\Test20221102 (MAIN)

  VALUE           TYPE          NAME
  ----------------------------------

  -------         MODULE        MAIN
  C:0000H         SYMBOL        _ICE_DUMMY_
  D:0090H         PUBLIC        P1
  D:00A0H         PUBLIC        P2
  B:0090H.0       PUBLIC        INPIN_P10
  C:036AH         PUBLIC        main
  B:00A0H.0       PUBLIC        OUTPIN_P20
  -------         PROC          MAIN
  C:036AH         LINE#         26
  C:036AH         LINE#         27
  C:036AH         LINE#         28
  C:036DH         LINE#         29
  C:036FH         LINE#         32
  C:036FH         LINE#         33
  C:0371H         LINE#         34
  C:037AH         LINE#         35
  C:0385H         LINE#         36
  C:0388H         LINE#         38
  C:0388H         LINE#         39
  C:0388H         LINE#         40
  C:038BH         LINE#         41
  C:038BH         LINE#         42
  C:038EH         LINE#         43
  C:0391H         LINE#         44
  C:0394H         LINE#         45
  C:0398H         LINE#         46
  C:039CH         LINE#         47
  C:03A7H         LINE#         48
  C:03A7H         LINE#         49
  C:03AAH         LINE#         50
  C:03ACH         LINE#         51
  C:03AEH         LINE#         52
  C:03B4H         LINE#         53
  C:03B4H         LINE#         54
  C:03B6H         LINE#         56
  C:03BDH         LINE#         57
  C:03BDH         LINE#         58
BL51 BANKED LINKER/LOCATER V6.22                                                      11/02/2022  21:48:53  PAGE 3


  C:03BFH         LINE#         59
  C:03C3H         LINE#         60
  C:03C6H         LINE#         61
  C:03D1H         LINE#         62
  C:03D1H         LINE#         63
  C:03D4H         LINE#         64
  C:03D8H         LINE#         65
  C:03DAH         LINE#         66
  C:03E3H         LINE#         67
  C:03E3H         LINE#         68
  C:03E5H         LINE#         69
  C:03EDH         LINE#         70
  C:03EDH         LINE#         71
  C:03F0H         LINE#         72
  C:03F4H         LINE#         73
  C:03F7H         LINE#         75
  C:0402H         LINE#         76
  C:0402H         LINE#         77
  C:0407H         LINE#         78
  C:040FH         LINE#         79
  C:041AH         LINE#         80
  C:041AH         LINE#         81
  C:041CH         LINE#         82
  C:0421H         LINE#         83
  C:0423H         LINE#         84
  C:0425H         LINE#         86
  C:042EH         LINE#         87
  C:042EH         LINE#         89
  C:042EH         LINE#         90
  C:042EH         LINE#         92
  -------         ENDPROC       MAIN
  -------         ENDMOD        MAIN

  -------         MODULE        TIMER
  C:0000H         SYMBOL        _ICE_DUMMY_
  D:0022H         PUBLIC        systimerFlag
  B:00A8H.7       PUBLIC        EA
  D:0023H         PUBLIC        nowindFlag
  C:059DH         PUBLIC        timer0_ISR
  D:0024H         PUBLIC        systimerCnt
  D:0026H         PUBLIC        windFlag
  D:0089H         PUBLIC        TMOD
  D:0027H         PUBLIC        nowindCnt
  D:008EH         PUBLIC        AUXR
  B:00A8H.1       PUBLIC        ET0
  B:0088H.5       PUBLIC        TF0
  C:061BH         PUBLIC        Timer0Init
  D:008CH         PUBLIC        TH0
  D:008AH         PUBLIC        TL0
  D:0029H         PUBLIC        windtoNoFlag
  B:0088H.4       PUBLIC        TR0
  D:002AH         PUBLIC        windCnt
  D:002CH         PUBLIC        nowindsecCnt
  -------         PROC          TIMER0INIT
  C:061BH         LINE#         16
  C:061BH         LINE#         17
  C:061BH         LINE#         18
BL51 BANKED LINKER/LOCATER V6.22                                                      11/02/2022  21:48:53  PAGE 4


  C:061EH         LINE#         19
  C:0621H         LINE#         20
  C:0624H         LINE#         21
  C:0627H         LINE#         22
  C:062AH         LINE#         23
  C:062CH         LINE#         24
  C:062EH         LINE#         25
  C:0630H         LINE#         26
  C:0632H         LINE#         27
  -------         ENDPROC       TIMER0INIT
  -------         PROC          TIMER0_ISR
  C:059DH         LINE#         29
  C:05A1H         LINE#         31
  C:05A3H         LINE#         32
  C:05A6H         LINE#         33
  C:05A9H         LINE#         34
  C:05AEH         LINE#         35
  C:05AEH         LINE#         36
  C:05B6H         LINE#         37
  C:05B6H         LINE#         38
  C:05BBH         LINE#         39
  C:05BBH         LINE#         40
  C:05C3H         LINE#         41
  C:05C3H         LINE#         42
  C:05C8H         LINE#         43
  C:05C8H         LINE#         44
  C:05D0H         LINE#         45
  C:05D0H         LINE#         46
  C:05D2H         LINE#         48
  -------         ENDPROC       TIMER0_ISR
  -------         ENDMOD        TIMER

  -------         MODULE        PRINTF
  D:0008H         PUBLIC        ?_PRINTF517?BYTE
  D:0008H         PUBLIC        ?_PRINTF?BYTE
  D:0008H         PUBLIC        ?_SPRINTF517?BYTE
  D:0008H         PUBLIC        ?_SPRINTF?BYTE
  C:0070H         PUBLIC        _PRINTF
  C:0070H         PUBLIC        _PRINTF517
  C:006AH         PUBLIC        _SPRINTF
  C:006AH         PUBLIC        _SPRINTF517
  -------         ENDMOD        PRINTF

  -------         MODULE        ?C?CLDPTR
  C:0431H         PUBLIC        ?C?CLDPTR
  -------         ENDMOD        ?C?CLDPTR

  -------         MODULE        ?C?CLDOPTR
  C:044AH         PUBLIC        ?C?CLDOPTR
  -------         ENDMOD        ?C?CLDOPTR

  -------         MODULE        ?C?CSTPTR
  C:0477H         PUBLIC        ?C?CSTPTR
  -------         ENDMOD        ?C?CSTPTR

  -------         MODULE        ?C?PLDIIDATA
  C:0489H         PUBLIC        ?C?PLDIIDATA
BL51 BANKED LINKER/LOCATER V6.22                                                      11/02/2022  21:48:53  PAGE 5


  -------         ENDMOD        ?C?PLDIIDATA

  -------         MODULE        ?C?CCASE
  C:0499H         PUBLIC        ?C?CCASE
  -------         ENDMOD        ?C?CCASE

  -------         MODULE        PUTCHAR
  C:05D7H         PUBLIC        _PUTCHAR
  -------         ENDMOD        PUTCHAR

Program Size: data=42.1 xdata=0 code=1579
LINK/LOCATE RUN COMPLETE.  0 WARNING(S),  0 ERROR(S)
